
  [30;43;1m WARN [39;49;22m Your XML configuration validates against a deprecated schema. Migrate your XML configuration using "--migrate-configuration"!

   FAIL  Tests\Feature\EbookUploadTest
  Ô¿» uploading tÔÇª 0.63s  
  Ô£ô uploading pÔÇª 0.03s  
  ÔöÇÔöÇÔöÇÔöÇÔöÇÔöÇÔöÇÔöÇÔöÇÔöÇÔöÇÔöÇÔöÇÔöÇÔöÇÔöÇÔöÇÔöÇÔöÇÔöÇ  
   FAILED  Tests\FeaÔÇª   
  Expected response status code [201, 301, 302, 303, 307, 308] but received 500.
Failed asserting that false is true.

  at tests\Feature\EbookUploadTest.php:25
     21Ôûò         $response = $this->post('/upload', [
     22Ôûò             'ebook' => $file,
     23Ôûò         ]);
     24Ôûò 
  Ô×£  25Ôûò         $response->assertRedirect('/');
     26Ôûò         $response->assertSessionHas('success');
     27Ôûò 
     28Ôûò         $this->assertDatabaseHas('ebooks', [
     29Ôûò             'title' => 'testbuch',


  Tests:    1 failed, 1 passed (5 assertions)
  Duration: 0.79s

